
===========================================================================
 report_power
============================================================================
======================= Fastest Corner ===================================

Group                  Internal  Switching    Leakage      Total
                          Power      Power      Power      Power (Watts)
----------------------------------------------------------------
Sequential             4.26e-03   2.02e-03   2.53e-08   6.28e-03  15.9%
Combinational          1.37e-02   1.96e-02   1.97e-07   3.33e-02  84.1%
Macro                  0.00e+00   0.00e+00   0.00e+00   0.00e+00   0.0%
Pad                    0.00e+00   0.00e+00   0.00e+00   0.00e+00   0.0%
----------------------------------------------------------------
Total                  1.79e-02   2.17e-02   2.22e-07   3.96e-02 100.0%
                          45.3%      54.7%       0.0%

======================= Slowest Corner ===================================

Group                  Internal  Switching    Leakage      Total
                          Power      Power      Power      Power (Watts)
----------------------------------------------------------------
Sequential             2.90e-03   1.35e-03   2.41e-05   4.28e-03  15.7%
Combinational          9.77e-03   1.31e-02   8.80e-05   2.30e-02  84.3%
Macro                  0.00e+00   0.00e+00   0.00e+00   0.00e+00   0.0%
Pad                    0.00e+00   0.00e+00   0.00e+00   0.00e+00   0.0%
----------------------------------------------------------------
Total                  1.27e-02   1.45e-02   1.12e-04   2.73e-02 100.0%
                          46.5%      53.1%       0.4%

======================= Typical Corner ===================================

Group                  Internal  Switching    Leakage      Total
                          Power      Power      Power      Power (Watts)
----------------------------------------------------------------
Sequential             3.69e-03   1.71e-03   1.37e-08   5.41e-03  15.8%
Combinational          1.22e-02   1.67e-02   1.10e-07   2.89e-02  84.2%
Macro                  0.00e+00   0.00e+00   0.00e+00   0.00e+00   0.0%
Pad                    0.00e+00   0.00e+00   0.00e+00   0.00e+00   0.0%
----------------------------------------------------------------
Total                  1.59e-02   1.84e-02   1.24e-07   3.43e-02 100.0%
                          46.4%      53.6%       0.0%

