
===========================================================================
 report_power
============================================================================
======================= Fastest Corner ===================================

Group                  Internal  Switching    Leakage      Total
                          Power      Power      Power      Power (Watts)
----------------------------------------------------------------
Sequential             4.26e-03   2.19e-03   2.53e-08   6.45e-03  15.8%
Combinational          1.37e-02   2.07e-02   1.97e-07   3.44e-02  84.2%
Macro                  0.00e+00   0.00e+00   0.00e+00   0.00e+00   0.0%
Pad                    0.00e+00   0.00e+00   0.00e+00   0.00e+00   0.0%
----------------------------------------------------------------
Total                  1.80e-02   2.29e-02   2.22e-07   4.09e-02 100.0%
                          43.9%      56.1%       0.0%

======================= Slowest Corner ===================================

Group                  Internal  Switching    Leakage      Total
                          Power      Power      Power      Power (Watts)
----------------------------------------------------------------
Sequential             2.90e-03   1.47e-03   2.41e-05   4.40e-03  15.7%
Combinational          9.78e-03   1.38e-02   8.80e-05   2.37e-02  84.3%
Macro                  0.00e+00   0.00e+00   0.00e+00   0.00e+00   0.0%
Pad                    0.00e+00   0.00e+00   0.00e+00   0.00e+00   0.0%
----------------------------------------------------------------
Total                  1.27e-02   1.53e-02   1.12e-04   2.81e-02 100.0%
                          45.1%      54.5%       0.4%

======================= Typical Corner ===================================

Group                  Internal  Switching    Leakage      Total
                          Power      Power      Power      Power (Watts)
----------------------------------------------------------------
Sequential             3.69e-03   1.86e-03   1.37e-08   5.55e-03  15.7%
Combinational          1.22e-02   1.76e-02   1.10e-07   2.98e-02  84.3%
Macro                  0.00e+00   0.00e+00   0.00e+00   0.00e+00   0.0%
Pad                    0.00e+00   0.00e+00   0.00e+00   0.00e+00   0.0%
----------------------------------------------------------------
Total                  1.59e-02   1.94e-02   1.24e-07   3.54e-02 100.0%
                          45.0%      55.0%       0.0%

